CRITICAL - 2025-10-25 09:34:46 --> Error: Object of type CodeIgniter\Router\RouteCollection is not callable
in APPPATH\Config\Routes.php on line 10.
 1 SYSTEMPATH\Router\RouteCollection.php(345): require()
 2 SYSTEMPATH\CodeIgniter.php(811): CodeIgniter\Router\RouteCollection->loadRoutes()
 3 SYSTEMPATH\CodeIgniter.php(450): CodeIgniter\CodeIgniter->tryToRouteIt()
 4 SYSTEMPATH\CodeIgniter.php(361): CodeIgniter\CodeIgniter->handleRequest()
 5 FCPATH\index.php(79): CodeIgniter\CodeIgniter->run()
 6 SYSTEMPATH\Commands\Server\rewrite.php(47): require_once('D:\\SOURCE\\toto\\ataslangit-sid\\public\\index.php')
CRITICAL - 2025-10-25 09:34:46 --> Error: Object of type CodeIgniter\Router\RouteCollection is not callable
in APPPATH\Config\Routes.php on line 10.
 1 SYSTEMPATH\Router\RouteCollection.php(345): require()
 2 SYSTEMPATH\CodeIgniter.php(811): CodeIgniter\Router\RouteCollection->loadRoutes()
 3 SYSTEMPATH\CodeIgniter.php(450): CodeIgniter\CodeIgniter->tryToRouteIt()
 4 SYSTEMPATH\CodeIgniter.php(361): CodeIgniter\CodeIgniter->handleRequest()
 5 FCPATH\index.php(79): CodeIgniter\CodeIgniter->run()
 6 SYSTEMPATH\Commands\Server\rewrite.php(47): require_once('D:\\SOURCE\\toto\\ataslangit-sid\\public\\index.php')
CRITICAL - 2025-10-25 09:35:22 --> Error: Object of type CodeIgniter\Router\RouteCollection is not callable
in APPPATH\Config\Routes.php on line 10.
 1 SYSTEMPATH\Router\RouteCollection.php(345): require()
 2 SYSTEMPATH\CodeIgniter.php(811): CodeIgniter\Router\RouteCollection->loadRoutes()
 3 SYSTEMPATH\CodeIgniter.php(450): CodeIgniter\CodeIgniter->tryToRouteIt()
 4 SYSTEMPATH\CodeIgniter.php(361): CodeIgniter\CodeIgniter->handleRequest()
 5 FCPATH\index.php(79): CodeIgniter\CodeIgniter->run()
 6 SYSTEMPATH\Commands\Server\rewrite.php(47): require_once('D:\\SOURCE\\toto\\ataslangit-sid\\public\\index.php')
CRITICAL - 2025-10-25 09:35:22 --> Error: Object of type CodeIgniter\Router\RouteCollection is not callable
in APPPATH\Config\Routes.php on line 10.
 1 SYSTEMPATH\Router\RouteCollection.php(345): require()
 2 SYSTEMPATH\CodeIgniter.php(811): CodeIgniter\Router\RouteCollection->loadRoutes()
 3 SYSTEMPATH\CodeIgniter.php(450): CodeIgniter\CodeIgniter->tryToRouteIt()
 4 SYSTEMPATH\CodeIgniter.php(361): CodeIgniter\CodeIgniter->handleRequest()
 5 FCPATH\index.php(79): CodeIgniter\CodeIgniter->run()
 6 SYSTEMPATH\Commands\Server\rewrite.php(47): require_once('D:\\SOURCE\\toto\\ataslangit-sid\\public\\index.php')
CRITICAL - 2025-10-25 09:37:12 --> Error: Object of type CodeIgniter\Router\RouteCollection is not callable
in APPPATH\Config\Routes.php on line 10.
 1 SYSTEMPATH\Router\RouteCollection.php(345): require()
 2 SYSTEMPATH\CodeIgniter.php(811): CodeIgniter\Router\RouteCollection->loadRoutes()
 3 SYSTEMPATH\CodeIgniter.php(450): CodeIgniter\CodeIgniter->tryToRouteIt()
 4 SYSTEMPATH\CodeIgniter.php(361): CodeIgniter\CodeIgniter->handleRequest()
 5 FCPATH\index.php(79): CodeIgniter\CodeIgniter->run()
 6 SYSTEMPATH\Commands\Server\rewrite.php(47): require_once('D:\\SOURCE\\toto\\ataslangit-sid\\public\\index.php')
CRITICAL - 2025-10-25 09:37:12 --> Error: Object of type CodeIgniter\Router\RouteCollection is not callable
in APPPATH\Config\Routes.php on line 10.
 1 SYSTEMPATH\Router\RouteCollection.php(345): require()
 2 SYSTEMPATH\CodeIgniter.php(811): CodeIgniter\Router\RouteCollection->loadRoutes()
 3 SYSTEMPATH\CodeIgniter.php(450): CodeIgniter\CodeIgniter->tryToRouteIt()
 4 SYSTEMPATH\CodeIgniter.php(361): CodeIgniter\CodeIgniter->handleRequest()
 5 FCPATH\index.php(79): CodeIgniter\CodeIgniter->run()
 6 SYSTEMPATH\Commands\Server\rewrite.php(47): require_once('D:\\SOURCE\\toto\\ataslangit-sid\\public\\index.php')
CRITICAL - 2025-10-25 09:38:05 --> Error: Object of type CodeIgniter\Router\RouteCollection is not callable
in APPPATH\Config\Routes.php on line 11.
 1 SYSTEMPATH\Router\RouteCollection.php(345): require()
 2 SYSTEMPATH\CodeIgniter.php(811): CodeIgniter\Router\RouteCollection->loadRoutes()
 3 SYSTEMPATH\CodeIgniter.php(450): CodeIgniter\CodeIgniter->tryToRouteIt()
 4 SYSTEMPATH\CodeIgniter.php(361): CodeIgniter\CodeIgniter->handleRequest()
 5 FCPATH\index.php(79): CodeIgniter\CodeIgniter->run()
 6 SYSTEMPATH\Commands\Server\rewrite.php(47): require_once('D:\\SOURCE\\toto\\ataslangit-sid\\public\\index.php')
CRITICAL - 2025-10-25 09:38:06 --> Error: Object of type CodeIgniter\Router\RouteCollection is not callable
in APPPATH\Config\Routes.php on line 11.
 1 SYSTEMPATH\Router\RouteCollection.php(345): require()
 2 SYSTEMPATH\CodeIgniter.php(811): CodeIgniter\Router\RouteCollection->loadRoutes()
 3 SYSTEMPATH\CodeIgniter.php(450): CodeIgniter\CodeIgniter->tryToRouteIt()
 4 SYSTEMPATH\CodeIgniter.php(361): CodeIgniter\CodeIgniter->handleRequest()
 5 FCPATH\index.php(79): CodeIgniter\CodeIgniter->run()
 6 SYSTEMPATH\Commands\Server\rewrite.php(47): require_once('D:\\SOURCE\\toto\\ataslangit-sid\\public\\index.php')
CRITICAL - 2025-10-25 09:40:28 --> Error: Cannot call constructor
in APPPATH\Controllers\Main.php on line 12.
 1 SYSTEMPATH\CodeIgniter.php(915): App\Controllers\Main->__construct()
 2 SYSTEMPATH\CodeIgniter.php(494): CodeIgniter\CodeIgniter->createController()
 3 SYSTEMPATH\CodeIgniter.php(361): CodeIgniter\CodeIgniter->handleRequest()
 4 FCPATH\index.php(79): CodeIgniter\CodeIgniter->run()
 5 SYSTEMPATH\Commands\Server\rewrite.php(47): require_once('D:\\SOURCE\\toto\\ataslangit-sid\\public\\index.php')
CRITICAL - 2025-10-25 09:44:24 --> ErrorException: Undefined property: App\Controllers\Main::$load
in APPPATH\Controllers\Main.php on line 19.
 1 APPPATH\Controllers\Main.php(19): CodeIgniter\Debug\Exceptions->errorHandler()
 2 SYSTEMPATH\CodeIgniter.php(916): App\Controllers\Main->initController()
 3 SYSTEMPATH\CodeIgniter.php(494): CodeIgniter\CodeIgniter->createController()
 4 SYSTEMPATH\CodeIgniter.php(361): CodeIgniter\CodeIgniter->handleRequest()
 5 FCPATH\index.php(79): CodeIgniter\CodeIgniter->run()
 6 SYSTEMPATH\Commands\Server\rewrite.php(47): require_once('D:\\SOURCE\\toto\\ataslangit-sid\\public\\index.php')
CRITICAL - 2025-10-25 09:56:15 --> ErrorException: Undefined property: App\Controllers\Main::$load
in APPPATH\Controllers\Main.php on line 19.
 1 APPPATH\Controllers\Main.php(19): CodeIgniter\Debug\Exceptions->errorHandler()
 2 SYSTEMPATH\CodeIgniter.php(916): App\Controllers\Main->initController()
 3 SYSTEMPATH\CodeIgniter.php(494): CodeIgniter\CodeIgniter->createController()
 4 SYSTEMPATH\CodeIgniter.php(361): CodeIgniter\CodeIgniter->handleRequest()
 5 FCPATH\index.php(79): CodeIgniter\CodeIgniter->run()
 6 SYSTEMPATH\Commands\Server\rewrite.php(47): require_once('D:\\SOURCE\\toto\\ataslangit-sid\\public\\index.php')
CRITICAL - 2025-10-25 09:57:31 --> ErrorException: Declaration of App\Models\User_model::insert() must be compatible with CodeIgniter\Model::insert($row = null, bool $returnID = true)
in APPPATH\Models\User_model.php on line 232.
 1 [internal function]: CodeIgniter\Debug\Exceptions->shutdownHandler()
CRITICAL - 2025-10-25 09:58:09 --> ErrorException: Declaration of App\Models\User_model::update($id = 0) must be compatible with CodeIgniter\Model::update($id = null, $row = null): bool
in APPPATH\Models\User_model.php on line 262.
 1 [internal function]: CodeIgniter\Debug\Exceptions->shutdownHandler()
CRITICAL - 2025-10-25 09:59:28 --> ErrorException: Declaration of App\Models\Config_model::insert() must be compatible with CodeIgniter\Model::insert($row = null, bool $returnID = true)
in APPPATH\Models\Config_model.php on line 74.
 1 [internal function]: CodeIgniter\Debug\Exceptions->shutdownHandler()
CRITICAL - 2025-10-25 10:32:20 --> ErrorException: Declaration of App\Models\Config_model::insert() must be compatible with CodeIgniter\Model::insert($row = null, bool $returnID = true)
in APPPATH\Models\Config_model.php on line 74.
 1 [internal function]: CodeIgniter\Debug\Exceptions->shutdownHandler()
CRITICAL - 2025-10-25 10:42:14 --> Error: Call to undefined function App\Controllers\mandiri_timeout()
in APPPATH\Controllers\First.php on line 33.
 1 SYSTEMPATH\CodeIgniter.php(916): App\Controllers\First->initController()
 2 SYSTEMPATH\CodeIgniter.php(494): CodeIgniter\CodeIgniter->createController()
 3 SYSTEMPATH\CodeIgniter.php(361): CodeIgniter\CodeIgniter->handleRequest()
 4 FCPATH\index.php(79): CodeIgniter\CodeIgniter->run()
 5 SYSTEMPATH\Commands\Server\rewrite.php(47): require_once('D:\\SOURCE\\toto\\ataslangit-sid\\public\\index.php')
CRITICAL - 2025-10-25 11:19:02 --> ErrorException: Cannot use yidas\Model as Model because the name is already in use
in APPPATH\Models\Config.php on line 7.
 1 [internal function]: CodeIgniter\Debug\Exceptions->shutdownHandler()
CRITICAL - 2025-10-25 11:21:04 --> ErrorException: Cannot redeclare App\Models\KategoriModel::$table
in APPPATH\Models\KategoriModel.php on line 10.
 1 [internal function]: CodeIgniter\Debug\Exceptions->shutdownHandler()
CRITICAL - 2025-10-25 11:21:30 --> ErrorException: Declaration of App\Models\Penduduk_model::insert() must be compatible with CodeIgniter\Model::insert($row = null, bool $returnID = true)
in APPPATH\Models\Penduduk_model.php on line 533.
 1 [internal function]: CodeIgniter\Debug\Exceptions->shutdownHandler()
CRITICAL - 2025-10-25 11:25:01 --> ErrorException: Declaration of App\Models\Penduduk_model::update($id = 0) must be compatible with CodeIgniter\Model::update($id = null, $row = null): bool
in APPPATH\Models\Penduduk_model.php on line 602.
 1 [internal function]: CodeIgniter\Debug\Exceptions->shutdownHandler()
CRITICAL - 2025-10-25 11:29:39 --> ErrorException: Declaration of App\Models\Penduduk_model::delete($id = '') must be compatible with CodeIgniter\BaseModel::delete($id = null, bool $purge = false)
in APPPATH\Models\Penduduk_model.php on line 719.
 1 [internal function]: CodeIgniter\Debug\Exceptions->shutdownHandler()
CRITICAL - 2025-10-25 11:30:15 --> ErrorException: Declaration of App\Models\Surat_keluar_model::update($id = 0) must be compatible with CodeIgniter\Model::update($id = null, $row = null): bool
in APPPATH\Models\Surat_keluar_model.php on line 230.
 1 [internal function]: CodeIgniter\Debug\Exceptions->shutdownHandler()
CRITICAL - 2025-10-25 11:33:15 --> ErrorException: Declaration of App\Models\Surat_keluar_model::update($id = 0) must be compatible with CodeIgniter\Model::update($id = null, $row = null): bool
in APPPATH\Models\Surat_keluar_model.php on line 230.
 1 [internal function]: CodeIgniter\Debug\Exceptions->shutdownHandler()
CRITICAL - 2025-10-25 11:33:58 --> ErrorException: Declaration of App\Models\Surat_keluar_model::update($id = 0) must be compatible with CodeIgniter\Model::update($id = null, $row = null): bool
in APPPATH\Models\Surat_keluar_model.php on line 230.
 1 [internal function]: CodeIgniter\Debug\Exceptions->shutdownHandler()
ERROR - 2025-10-25 11:37:42 --> Error connecting to the database: mysqli_sql_exception: Access denied for user ''@'localhost' (using password: NO) in D:\SOURCE\toto\ataslangit-sid\donjo-sys\codeigniter4\framework\system\Database\MySQLi\Connection.php:185
Stack trace:
#0 D:\SOURCE\toto\ataslangit-sid\donjo-sys\codeigniter4\framework\system\Database\MySQLi\Connection.php(185): mysqli->real_connect()
#1 D:\SOURCE\toto\ataslangit-sid\donjo-sys\codeigniter4\framework\system\Database\BaseConnection.php(392): CodeIgniter\Database\MySQLi\Connection->connect()
#2 D:\SOURCE\toto\ataslangit-sid\donjo-sys\codeigniter4\framework\system\Database\BaseConnection.php(575): CodeIgniter\Database\BaseConnection->initialize()
#3 D:\SOURCE\toto\ataslangit-sid\donjo-sys\codeigniter4\framework\system\Database\BaseBuilder.php(1616): CodeIgniter\Database\BaseConnection->query()
#4 D:\SOURCE\toto\ataslangit-sid\donjo-sys\codeigniter4\framework\system\Model.php(203): CodeIgniter\Database\BaseBuilder->get()
#5 D:\SOURCE\toto\ataslangit-sid\donjo-sys\codeigniter4\framework\system\BaseModel.php(580): CodeIgniter\Model->doFind()
#6 D:\SOURCE\toto\ataslangit-sid\donjo-app\Controllers\First.php(81): CodeIgniter\BaseModel->find()
#7 D:\SOURCE\toto\ataslangit-sid\donjo-sys\codeigniter4\framework\system\CodeIgniter.php(943): App\Controllers\First->index()
#8 D:\SOURCE\toto\ataslangit-sid\donjo-sys\codeigniter4\framework\system\CodeIgniter.php(503): CodeIgniter\CodeIgniter->runController()
#9 D:\SOURCE\toto\ataslangit-sid\donjo-sys\codeigniter4\framework\system\CodeIgniter.php(361): CodeIgniter\CodeIgniter->handleRequest()
#10 D:\SOURCE\toto\ataslangit-sid\public\index.php(79): CodeIgniter\CodeIgniter->run()
#11 D:\SOURCE\toto\ataslangit-sid\donjo-sys\codeigniter4\framework\system\Commands\Server\rewrite.php(47): require_once('...')
#12 {main}

Next CodeIgniter\Database\Exceptions\DatabaseException: Access denied for user ''@'localhost' (using password: NO) in D:\SOURCE\toto\ataslangit-sid\donjo-sys\codeigniter4\framework\system\Database\MySQLi\Connection.php:229
Stack trace:
#0 D:\SOURCE\toto\ataslangit-sid\donjo-sys\codeigniter4\framework\system\Database\BaseConnection.php(392): CodeIgniter\Database\MySQLi\Connection->connect()
#1 D:\SOURCE\toto\ataslangit-sid\donjo-sys\codeigniter4\framework\system\Database\BaseConnection.php(575): CodeIgniter\Database\BaseConnection->initialize()
#2 D:\SOURCE\toto\ataslangit-sid\donjo-sys\codeigniter4\framework\system\Database\BaseBuilder.php(1616): CodeIgniter\Database\BaseConnection->query()
#3 D:\SOURCE\toto\ataslangit-sid\donjo-sys\codeigniter4\framework\system\Model.php(203): CodeIgniter\Database\BaseBuilder->get()
#4 D:\SOURCE\toto\ataslangit-sid\donjo-sys\codeigniter4\framework\system\BaseModel.php(580): CodeIgniter\Model->doFind()
#5 D:\SOURCE\toto\ataslangit-sid\donjo-app\Controllers\First.php(81): CodeIgniter\BaseModel->find()
#6 D:\SOURCE\toto\ataslangit-sid\donjo-sys\codeigniter4\framework\system\CodeIgniter.php(943): App\Controllers\First->index()
#7 D:\SOURCE\toto\ataslangit-sid\donjo-sys\codeigniter4\framework\system\CodeIgniter.php(503): CodeIgniter\CodeIgniter->runController()
#8 D:\SOURCE\toto\ataslangit-sid\donjo-sys\codeigniter4\framework\system\CodeIgniter.php(361): CodeIgniter\CodeIgniter->handleRequest()
#9 D:\SOURCE\toto\ataslangit-sid\public\index.php(79): CodeIgniter\CodeIgniter->run()
#10 D:\SOURCE\toto\ataslangit-sid\donjo-sys\codeigniter4\framework\system\Commands\Server\rewrite.php(47): require_once('...')
#11 {main}
CRITICAL - 2025-10-25 11:37:42 --> CodeIgniter\Database\Exceptions\DatabaseException: Unable to connect to the database.
Main connection [MySQLi]: Access denied for user ''@'localhost' (using password: NO)
in SYSTEMPATH\Database\BaseConnection.php on line 428.
 1 SYSTEMPATH\Database\BaseConnection.php(575): CodeIgniter\Database\BaseConnection->initialize()
 2 SYSTEMPATH\Database\BaseBuilder.php(1616): CodeIgniter\Database\BaseConnection->query()
 3 SYSTEMPATH\Model.php(203): CodeIgniter\Database\BaseBuilder->get()
 4 SYSTEMPATH\BaseModel.php(580): CodeIgniter\Model->doFind()
 5 APPPATH\Controllers\First.php(81): CodeIgniter\BaseModel->find()
 6 SYSTEMPATH\CodeIgniter.php(943): App\Controllers\First->index()
 7 SYSTEMPATH\CodeIgniter.php(503): CodeIgniter\CodeIgniter->runController()
 8 SYSTEMPATH\CodeIgniter.php(361): CodeIgniter\CodeIgniter->handleRequest()
 9 FCPATH\index.php(79): CodeIgniter\CodeIgniter->run()
10 SYSTEMPATH\Commands\Server\rewrite.php(47): require_once('D:\\SOURCE\\toto\\ataslangit-sid\\public\\index.php')
ERROR - 2025-10-25 11:38:28 --> Error connecting to the database: mysqli_sql_exception: Access denied for user ''@'localhost' (using password: NO) in D:\SOURCE\toto\ataslangit-sid\donjo-sys\codeigniter4\framework\system\Database\MySQLi\Connection.php:185
Stack trace:
#0 D:\SOURCE\toto\ataslangit-sid\donjo-sys\codeigniter4\framework\system\Database\MySQLi\Connection.php(185): mysqli->real_connect()
#1 D:\SOURCE\toto\ataslangit-sid\donjo-sys\codeigniter4\framework\system\Database\BaseConnection.php(392): CodeIgniter\Database\MySQLi\Connection->connect()
#2 D:\SOURCE\toto\ataslangit-sid\donjo-sys\codeigniter4\framework\system\Database\BaseConnection.php(575): CodeIgniter\Database\BaseConnection->initialize()
#3 D:\SOURCE\toto\ataslangit-sid\donjo-sys\codeigniter4\framework\system\Database\BaseBuilder.php(1616): CodeIgniter\Database\BaseConnection->query()
#4 D:\SOURCE\toto\ataslangit-sid\donjo-sys\codeigniter4\framework\system\Model.php(203): CodeIgniter\Database\BaseBuilder->get()
#5 D:\SOURCE\toto\ataslangit-sid\donjo-sys\codeigniter4\framework\system\BaseModel.php(580): CodeIgniter\Model->doFind()
#6 D:\SOURCE\toto\ataslangit-sid\donjo-app\Controllers\First.php(81): CodeIgniter\BaseModel->find()
#7 D:\SOURCE\toto\ataslangit-sid\donjo-sys\codeigniter4\framework\system\CodeIgniter.php(943): App\Controllers\First->index()
#8 D:\SOURCE\toto\ataslangit-sid\donjo-sys\codeigniter4\framework\system\CodeIgniter.php(503): CodeIgniter\CodeIgniter->runController()
#9 D:\SOURCE\toto\ataslangit-sid\donjo-sys\codeigniter4\framework\system\CodeIgniter.php(361): CodeIgniter\CodeIgniter->handleRequest()
#10 D:\SOURCE\toto\ataslangit-sid\public\index.php(79): CodeIgniter\CodeIgniter->run()
#11 D:\SOURCE\toto\ataslangit-sid\donjo-sys\codeigniter4\framework\system\Commands\Server\rewrite.php(47): require_once('...')
#12 {main}

Next CodeIgniter\Database\Exceptions\DatabaseException: Access denied for user ''@'localhost' (using password: NO) in D:\SOURCE\toto\ataslangit-sid\donjo-sys\codeigniter4\framework\system\Database\MySQLi\Connection.php:229
Stack trace:
#0 D:\SOURCE\toto\ataslangit-sid\donjo-sys\codeigniter4\framework\system\Database\BaseConnection.php(392): CodeIgniter\Database\MySQLi\Connection->connect()
#1 D:\SOURCE\toto\ataslangit-sid\donjo-sys\codeigniter4\framework\system\Database\BaseConnection.php(575): CodeIgniter\Database\BaseConnection->initialize()
#2 D:\SOURCE\toto\ataslangit-sid\donjo-sys\codeigniter4\framework\system\Database\BaseBuilder.php(1616): CodeIgniter\Database\BaseConnection->query()
#3 D:\SOURCE\toto\ataslangit-sid\donjo-sys\codeigniter4\framework\system\Model.php(203): CodeIgniter\Database\BaseBuilder->get()
#4 D:\SOURCE\toto\ataslangit-sid\donjo-sys\codeigniter4\framework\system\BaseModel.php(580): CodeIgniter\Model->doFind()
#5 D:\SOURCE\toto\ataslangit-sid\donjo-app\Controllers\First.php(81): CodeIgniter\BaseModel->find()
#6 D:\SOURCE\toto\ataslangit-sid\donjo-sys\codeigniter4\framework\system\CodeIgniter.php(943): App\Controllers\First->index()
#7 D:\SOURCE\toto\ataslangit-sid\donjo-sys\codeigniter4\framework\system\CodeIgniter.php(503): CodeIgniter\CodeIgniter->runController()
#8 D:\SOURCE\toto\ataslangit-sid\donjo-sys\codeigniter4\framework\system\CodeIgniter.php(361): CodeIgniter\CodeIgniter->handleRequest()
#9 D:\SOURCE\toto\ataslangit-sid\public\index.php(79): CodeIgniter\CodeIgniter->run()
#10 D:\SOURCE\toto\ataslangit-sid\donjo-sys\codeigniter4\framework\system\Commands\Server\rewrite.php(47): require_once('...')
#11 {main}
CRITICAL - 2025-10-25 11:38:28 --> CodeIgniter\Database\Exceptions\DatabaseException: Unable to connect to the database.
Main connection [MySQLi]: Access denied for user ''@'localhost' (using password: NO)
in SYSTEMPATH\Database\BaseConnection.php on line 428.
 1 SYSTEMPATH\Database\BaseConnection.php(575): CodeIgniter\Database\BaseConnection->initialize()
 2 SYSTEMPATH\Database\BaseBuilder.php(1616): CodeIgniter\Database\BaseConnection->query()
 3 SYSTEMPATH\Model.php(203): CodeIgniter\Database\BaseBuilder->get()
 4 SYSTEMPATH\BaseModel.php(580): CodeIgniter\Model->doFind()
 5 APPPATH\Controllers\First.php(81): CodeIgniter\BaseModel->find()
 6 SYSTEMPATH\CodeIgniter.php(943): App\Controllers\First->index()
 7 SYSTEMPATH\CodeIgniter.php(503): CodeIgniter\CodeIgniter->runController()
 8 SYSTEMPATH\CodeIgniter.php(361): CodeIgniter\CodeIgniter->handleRequest()
 9 FCPATH\index.php(79): CodeIgniter\CodeIgniter->run()
10 SYSTEMPATH\Commands\Server\rewrite.php(47): require_once('D:\\SOURCE\\toto\\ataslangit-sid\\public\\index.php')
CRITICAL - 2025-10-25 11:44:50 --> Error: Call to a member function get() on array
in APPPATH\Controllers\First.php on line 81.
 1 SYSTEMPATH\CodeIgniter.php(943): App\Controllers\First->index()
 2 SYSTEMPATH\CodeIgniter.php(503): CodeIgniter\CodeIgniter->runController()
 3 SYSTEMPATH\CodeIgniter.php(361): CodeIgniter\CodeIgniter->handleRequest()
 4 FCPATH\index.php(79): CodeIgniter\CodeIgniter->run()
 5 SYSTEMPATH\Commands\Server\rewrite.php(47): require_once('D:\\SOURCE\\toto\\ataslangit-sid\\public\\index.php')
CRITICAL - 2025-10-25 11:45:31 --> Error: Call to a member function get() on array
in APPPATH\Controllers\First.php on line 81.
 1 SYSTEMPATH\CodeIgniter.php(943): App\Controllers\First->index()
 2 SYSTEMPATH\CodeIgniter.php(503): CodeIgniter\CodeIgniter->runController()
 3 SYSTEMPATH\CodeIgniter.php(361): CodeIgniter\CodeIgniter->handleRequest()
 4 FCPATH\index.php(79): CodeIgniter\CodeIgniter->run()
 5 SYSTEMPATH\Commands\Server\rewrite.php(47): require_once('D:\\SOURCE\\toto\\ataslangit-sid\\public\\index.php')
CRITICAL - 2025-10-25 11:45:47 --> Error: Call to undefined method CodeIgniter\Database\MySQLi\Result::result_array()
in APPPATH\Models\First_menu_m.php on line 15.
 1 APPPATH\Controllers\First.php(82): App\Models\First_menu_m->list_menu_atas()
 2 SYSTEMPATH\CodeIgniter.php(943): App\Controllers\First->index()
 3 SYSTEMPATH\CodeIgniter.php(503): CodeIgniter\CodeIgniter->runController()
 4 SYSTEMPATH\CodeIgniter.php(361): CodeIgniter\CodeIgniter->handleRequest()
 5 FCPATH\index.php(79): CodeIgniter\CodeIgniter->run()
 6 SYSTEMPATH\Commands\Server\rewrite.php(47): require_once('D:\\SOURCE\\toto\\ataslangit-sid\\public\\index.php')
CRITICAL - 2025-10-25 11:47:50 --> Error: Call to undefined method CodeIgniter\Database\MySQLi\Result::result_array()
in APPPATH\Models\First_menu_m.php on line 24.
 1 APPPATH\Controllers\First.php(82): App\Models\First_menu_m->list_menu_atas()
 2 SYSTEMPATH\CodeIgniter.php(943): App\Controllers\First->index()
 3 SYSTEMPATH\CodeIgniter.php(503): CodeIgniter\CodeIgniter->runController()
 4 SYSTEMPATH\CodeIgniter.php(361): CodeIgniter\CodeIgniter->handleRequest()
 5 FCPATH\index.php(79): CodeIgniter\CodeIgniter->run()
 6 SYSTEMPATH\Commands\Server\rewrite.php(47): require_once('D:\\SOURCE\\toto\\ataslangit-sid\\public\\index.php')
CRITICAL - 2025-10-25 11:48:20 --> Error: Call to undefined method CodeIgniter\Database\MySQLi\Result::row_array()
in APPPATH\Models\First_artikel_m.php on line 16.
 1 APPPATH\Controllers\First.php(84): App\Models\First_artikel_m->get_headline()
 2 SYSTEMPATH\CodeIgniter.php(943): App\Controllers\First->index()
 3 SYSTEMPATH\CodeIgniter.php(503): CodeIgniter\CodeIgniter->runController()
 4 SYSTEMPATH\CodeIgniter.php(361): CodeIgniter\CodeIgniter->handleRequest()
 5 FCPATH\index.php(79): CodeIgniter\CodeIgniter->run()
 6 SYSTEMPATH\Commands\Server\rewrite.php(47): require_once('D:\\SOURCE\\toto\\ataslangit-sid\\public\\index.php')
CRITICAL - 2025-10-25 11:50:21 --> Error: Call to undefined method CodeIgniter\Database\MySQLi\Result::result_array()
in APPPATH\Models\First_artikel_m.php on line 31.
 1 APPPATH\Controllers\First.php(85): App\Models\First_artikel_m->get_teks_berjalan()
 2 SYSTEMPATH\CodeIgniter.php(943): App\Controllers\First->index()
 3 SYSTEMPATH\CodeIgniter.php(503): CodeIgniter\CodeIgniter->runController()
 4 SYSTEMPATH\CodeIgniter.php(361): CodeIgniter\CodeIgniter->handleRequest()
 5 FCPATH\index.php(79): CodeIgniter\CodeIgniter->run()
 6 SYSTEMPATH\Commands\Server\rewrite.php(47): require_once('D:\\SOURCE\\toto\\ataslangit-sid\\public\\index.php')
CRITICAL - 2025-10-25 11:52:40 --> ErrorException: Undefined array key "nama_desa"
in APPPATH\Views\layouts\header.php on line 5.
 1 APPPATH\Views\layouts\header.php(5): CodeIgniter\Debug\Exceptions->errorHandler()
 2 SYSTEMPATH\View\View.php(228): include('D:\\SOURCE\\toto\\ataslangit-sid\\donjo-app\\Views\\layouts\\header.php')
 3 SYSTEMPATH\View\View.php(231): CodeIgniter\View\View->CodeIgniter\View\{closure}()
 4 SYSTEMPATH\Common.php(1178): CodeIgniter\View\View->render()
 5 APPPATH\Views\layouts\main.tpl.php(1): view()
 6 SYSTEMPATH\View\View.php(228): include('D:\\SOURCE\\toto\\ataslangit-sid\\donjo-app\\Views\\layouts\\main.tpl.php')
 7 SYSTEMPATH\View\View.php(231): CodeIgniter\View\View->CodeIgniter\View\{closure}()
 8 SYSTEMPATH\Common.php(1178): CodeIgniter\View\View->render()
 9 APPPATH\Controllers\First.php(100): view()
10 SYSTEMPATH\CodeIgniter.php(943): App\Controllers\First->index()
11 SYSTEMPATH\CodeIgniter.php(503): CodeIgniter\CodeIgniter->runController()
12 SYSTEMPATH\CodeIgniter.php(361): CodeIgniter\CodeIgniter->handleRequest()
13 FCPATH\index.php(79): CodeIgniter\CodeIgniter->run()
14 SYSTEMPATH\Commands\Server\rewrite.php(47): require_once('D:\\SOURCE\\toto\\ataslangit-sid\\public\\index.php')
CRITICAL - 2025-10-25 11:54:15 --> BadMethodCallException: Call to undefined method App\Models\Config::toArray
in SYSTEMPATH\Model.php on line 879.
 1 APPPATH\Controllers\First.php(81): CodeIgniter\Model->__call()
 2 SYSTEMPATH\CodeIgniter.php(943): App\Controllers\First->index()
 3 SYSTEMPATH\CodeIgniter.php(503): CodeIgniter\CodeIgniter->runController()
 4 SYSTEMPATH\CodeIgniter.php(361): CodeIgniter\CodeIgniter->handleRequest()
 5 FCPATH\index.php(79): CodeIgniter\CodeIgniter->run()
 6 SYSTEMPATH\Commands\Server\rewrite.php(47): require_once('D:\\SOURCE\\toto\\ataslangit-sid\\public\\index.php')
CRITICAL - 2025-10-25 11:55:19 --> ErrorException: Undefined property: CodeIgniter\View\View::$db
in APPPATH\Views\partials\side.right.php on line 198.
 1 APPPATH\Views\partials\side.right.php(198): CodeIgniter\Debug\Exceptions->errorHandler()
 2 SYSTEMPATH\View\View.php(228): include('D:\\SOURCE\\toto\\ataslangit-sid\\donjo-app\\Views\\partials\\side.right.php')
 3 SYSTEMPATH\View\View.php(231): CodeIgniter\View\View->CodeIgniter\View\{closure}()
 4 SYSTEMPATH\Common.php(1178): CodeIgniter\View\View->render()
 5 APPPATH\Views\layouts\main.tpl.php(11): view()
 6 SYSTEMPATH\View\View.php(228): include('D:\\SOURCE\\toto\\ataslangit-sid\\donjo-app\\Views\\layouts\\main.tpl.php')
 7 SYSTEMPATH\View\View.php(231): CodeIgniter\View\View->CodeIgniter\View\{closure}()
 8 SYSTEMPATH\Common.php(1178): CodeIgniter\View\View->render()
 9 APPPATH\Controllers\First.php(100): view()
10 SYSTEMPATH\CodeIgniter.php(943): App\Controllers\First->index()
11 SYSTEMPATH\CodeIgniter.php(503): CodeIgniter\CodeIgniter->runController()
12 SYSTEMPATH\CodeIgniter.php(361): CodeIgniter\CodeIgniter->handleRequest()
13 FCPATH\index.php(79): CodeIgniter\CodeIgniter->run()
14 SYSTEMPATH\Commands\Server\rewrite.php(47): require_once('D:\\SOURCE\\toto\\ataslangit-sid\\public\\index.php')
CRITICAL - 2025-10-25 11:58:29 --> Error: Call to undefined method CodeIgniter\Database\MySQLi\Result::row()
in APPPATH\Views\partials\side.right.php on line 203.
 1 SYSTEMPATH\View\View.php(228): include()
 2 SYSTEMPATH\View\View.php(231): CodeIgniter\View\View->CodeIgniter\View\{closure}()
 3 SYSTEMPATH\Common.php(1178): CodeIgniter\View\View->render()
 4 APPPATH\Views\layouts\main.tpl.php(11): view()
 5 SYSTEMPATH\View\View.php(228): include('D:\\SOURCE\\toto\\ataslangit-sid\\donjo-app\\Views\\layouts\\main.tpl.php')
 6 SYSTEMPATH\View\View.php(231): CodeIgniter\View\View->CodeIgniter\View\{closure}()
 7 SYSTEMPATH\Common.php(1178): CodeIgniter\View\View->render()
 8 APPPATH\Controllers\First.php(100): view()
 9 SYSTEMPATH\CodeIgniter.php(943): App\Controllers\First->index()
10 SYSTEMPATH\CodeIgniter.php(503): CodeIgniter\CodeIgniter->runController()
11 SYSTEMPATH\CodeIgniter.php(361): CodeIgniter\CodeIgniter->handleRequest()
12 FCPATH\index.php(79): CodeIgniter\CodeIgniter->run()
13 SYSTEMPATH\Commands\Server\rewrite.php(47): require_once('D:\\SOURCE\\toto\\ataslangit-sid\\public\\index.php')
CRITICAL - 2025-10-25 11:59:28 --> Error: Call to undefined method CodeIgniter\Database\MySQLi\Result::row()
in APPPATH\Views\partials\side.right.php on line 227.
 1 SYSTEMPATH\View\View.php(228): include()
 2 SYSTEMPATH\View\View.php(231): CodeIgniter\View\View->CodeIgniter\View\{closure}()
 3 SYSTEMPATH\Common.php(1178): CodeIgniter\View\View->render()
 4 APPPATH\Views\layouts\main.tpl.php(11): view()
 5 SYSTEMPATH\View\View.php(228): include('D:\\SOURCE\\toto\\ataslangit-sid\\donjo-app\\Views\\layouts\\main.tpl.php')
 6 SYSTEMPATH\View\View.php(231): CodeIgniter\View\View->CodeIgniter\View\{closure}()
 7 SYSTEMPATH\Common.php(1178): CodeIgniter\View\View->render()
 8 APPPATH\Controllers\First.php(100): view()
 9 SYSTEMPATH\CodeIgniter.php(943): App\Controllers\First->index()
10 SYSTEMPATH\CodeIgniter.php(503): CodeIgniter\CodeIgniter->runController()
11 SYSTEMPATH\CodeIgniter.php(361): CodeIgniter\CodeIgniter->handleRequest()
12 FCPATH\index.php(79): CodeIgniter\CodeIgniter->run()
13 SYSTEMPATH\Commands\Server\rewrite.php(47): require_once('D:\\SOURCE\\toto\\ataslangit-sid\\public\\index.php')
INFO - 2025-10-25 11:59:44 --> Session: Class initialized using 'CodeIgniter\Session\Handlers\FileHandler' driver.
INFO - 2025-10-25 11:59:48 --> Session: Class initialized using 'CodeIgniter\Session\Handlers\FileHandler' driver.
INFO - 2025-10-25 12:01:13 --> Session: Class initialized using 'CodeIgniter\Session\Handlers\FileHandler' driver.
INFO - 2025-10-25 12:01:20 --> Session: Class initialized using 'CodeIgniter\Session\Handlers\FileHandler' driver.
INFO - 2025-10-25 12:01:58 --> Session: Class initialized using 'CodeIgniter\Session\Handlers\FileHandler' driver.
INFO - 2025-10-25 12:02:11 --> Session: Class initialized using 'CodeIgniter\Session\Handlers\FileHandler' driver.
INFO - 2025-10-25 12:05:27 --> Session: Class initialized using 'CodeIgniter\Session\Handlers\FileHandler' driver.
INFO - 2025-10-25 12:05:29 --> Session: Class initialized using 'CodeIgniter\Session\Handlers\FileHandler' driver.
INFO - 2025-10-25 12:08:37 --> Session: Class initialized using 'CodeIgniter\Session\Handlers\FileHandler' driver.
INFO - 2025-10-25 12:12:33 --> Session: Class initialized using 'CodeIgniter\Session\Handlers\FileHandler' driver.
CRITICAL - 2025-10-25 12:12:38 --> CodeIgniter\Router\Exceptions\RouterException: The namespace delimiter is a backslash (\), not a slash (/). Route handler: "\App\Controllers\first/kategori/$1"
in SYSTEMPATH\Router\Router.php on line 495.
 1 SYSTEMPATH\Router\Router.php(495): CodeIgniter\Router\Exceptions\RouterException::forInvalidControllerName()
 2 SYSTEMPATH\Router\Router.php(202): CodeIgniter\Router\Router->checkRoutes()
 3 SYSTEMPATH\CodeIgniter.php(825): CodeIgniter\Router\Router->handle()
 4 SYSTEMPATH\CodeIgniter.php(450): CodeIgniter\CodeIgniter->tryToRouteIt()
 5 SYSTEMPATH\CodeIgniter.php(361): CodeIgniter\CodeIgniter->handleRequest()
 6 FCPATH\index.php(79): CodeIgniter\CodeIgniter->run()
 7 SYSTEMPATH\Commands\Server\rewrite.php(47): require_once('D:\\SOURCE\\toto\\ataslangit-sid\\public\\index.php')
CRITICAL - 2025-10-25 12:17:29 --> Error: Call to a member function get() on array
in APPPATH\Controllers\First.php on line 428.
 1 SYSTEMPATH\CodeIgniter.php(943): App\Controllers\First->kategori()
 2 SYSTEMPATH\CodeIgniter.php(503): CodeIgniter\CodeIgniter->runController()
 3 SYSTEMPATH\CodeIgniter.php(361): CodeIgniter\CodeIgniter->handleRequest()
 4 FCPATH\index.php(79): CodeIgniter\CodeIgniter->run()
 5 SYSTEMPATH\Commands\Server\rewrite.php(47): require_once('D:\\SOURCE\\toto\\ataslangit-sid\\public\\index.php')
CRITICAL - 2025-10-25 12:18:51 --> Error: Call to undefined method CodeIgniter\Database\MySQLi\Connection::select()
in APPPATH\Models\KategoriModel.php on line 20.
 1 APPPATH\Controllers\First.php(446): App\Models\KategoriModel->get()
 2 SYSTEMPATH\CodeIgniter.php(943): App\Controllers\First->kategori()
 3 SYSTEMPATH\CodeIgniter.php(503): CodeIgniter\CodeIgniter->runController()
 4 SYSTEMPATH\CodeIgniter.php(361): CodeIgniter\CodeIgniter->handleRequest()
 5 FCPATH\index.php(79): CodeIgniter\CodeIgniter->run()
 6 SYSTEMPATH\Commands\Server\rewrite.php(47): require_once('D:\\SOURCE\\toto\\ataslangit-sid\\public\\index.php')
CRITICAL - 2025-10-25 12:19:10 --> Error: Call to a member function asArray() on array
in APPPATH\Controllers\First.php on line 428.
 1 SYSTEMPATH\CodeIgniter.php(943): App\Controllers\First->kategori()
 2 SYSTEMPATH\CodeIgniter.php(503): CodeIgniter\CodeIgniter->runController()
 3 SYSTEMPATH\CodeIgniter.php(361): CodeIgniter\CodeIgniter->handleRequest()
 4 FCPATH\index.php(79): CodeIgniter\CodeIgniter->run()
 5 SYSTEMPATH\Commands\Server\rewrite.php(47): require_once('D:\\SOURCE\\toto\\ataslangit-sid\\public\\index.php')
CRITICAL - 2025-10-25 12:19:20 --> Error: Call to undefined method CodeIgniter\Database\MySQLi\Connection::select()
in APPPATH\Models\KategoriModel.php on line 20.
 1 APPPATH\Controllers\First.php(446): App\Models\KategoriModel->get()
 2 SYSTEMPATH\CodeIgniter.php(943): App\Controllers\First->kategori()
 3 SYSTEMPATH\CodeIgniter.php(503): CodeIgniter\CodeIgniter->runController()
 4 SYSTEMPATH\CodeIgniter.php(361): CodeIgniter\CodeIgniter->handleRequest()
 5 FCPATH\index.php(79): CodeIgniter\CodeIgniter->run()
 6 SYSTEMPATH\Commands\Server\rewrite.php(47): require_once('D:\\SOURCE\\toto\\ataslangit-sid\\public\\index.php')
CRITICAL - 2025-10-25 12:20:23 --> Error: Call to undefined method CodeIgniter\Database\MySQLi\Connection::select()
in APPPATH\Models\KategoriModel.php on line 20.
 1 APPPATH\Controllers\First.php(446): App\Models\KategoriModel->get()
 2 SYSTEMPATH\CodeIgniter.php(943): App\Controllers\First->kategori()
 3 SYSTEMPATH\CodeIgniter.php(503): CodeIgniter\CodeIgniter->runController()
 4 SYSTEMPATH\CodeIgniter.php(361): CodeIgniter\CodeIgniter->handleRequest()
 5 FCPATH\index.php(79): CodeIgniter\CodeIgniter->run()
 6 SYSTEMPATH\Commands\Server\rewrite.php(47): require_once('D:\\SOURCE\\toto\\ataslangit-sid\\public\\index.php')
INFO - 2025-10-25 12:25:59 --> Session: Class initialized using 'CodeIgniter\Session\Handlers\FileHandler' driver.
INFO - 2025-10-25 12:26:04 --> Session: Class initialized using 'CodeIgniter\Session\Handlers\FileHandler' driver.
INFO - 2025-10-25 12:26:12 --> Session: Class initialized using 'CodeIgniter\Session\Handlers\FileHandler' driver.
INFO - 2025-10-25 12:26:37 --> Session: Class initialized using 'CodeIgniter\Session\Handlers\FileHandler' driver.
INFO - 2025-10-25 12:28:53 --> Session: Class initialized using 'CodeIgniter\Session\Handlers\FileHandler' driver.
INFO - 2025-10-25 12:28:53 --> Session: Class initialized using 'CodeIgniter\Session\Handlers\FileHandler' driver.
INFO - 2025-10-25 12:28:56 --> Session: Class initialized using 'CodeIgniter\Session\Handlers\FileHandler' driver.
INFO - 2025-10-25 12:28:58 --> Session: Class initialized using 'CodeIgniter\Session\Handlers\FileHandler' driver.
INFO - 2025-10-25 12:29:02 --> Session: Class initialized using 'CodeIgniter\Session\Handlers\FileHandler' driver.
